// Jest Snapshot v1, https://goo.gl/fbAQLP

exports[`404 page page Matches snapshot 1`] = `
Array [
  <main
    className="container"
  >
    <section
      className="section"
    >
      <h1>
        Page not found
      </h1>
      <p>
        Huh, that's weird.
      </p>
    </section>
  </main>,
  <footer
    className="section"
  >
    <div
      className="container text-center"
    >
      <small
        className="copyright"
      >
        Copyright Â© 
        2021
        <a
          href="https://github.com/stscoundrel"
          rel="noopener noreferrer"
          target="_blank"
        >
          Sampo Silvennoinen / StScoundrel
        </a>
      </small>
    </div>
  </footer>,
]
`;
