// Jest Snapshot v1, https://goo.gl/fbAQLP

exports[`Index page Matches snapshot 1`] = `
Array [
  <main
    className="container"
  >
    <section
      className="section"
    >
      <header
        className="header"
      >
        <h1>
          Runes
        </h1>
        <p>
          Translate text to runic script
        </p>
      </header>
      <label
        htmlFor="transcribe"
      >
        Text to transcribe
      </label>
      <textarea
        name="transcribe"
        onChange={[Function]}
        value=""
      />
      <p>
        Younger Futhark
      </p>
      <p
        className="runic"
      >
        
      </p>
      <p>
        Elder Futhark
      </p>
      <p
        className="runic"
      >
        
      </p>
    </section>
  </main>,
  <footer
    className="section"
  >
    <div
      className="container text-center"
    >
      <small
        className="copyright"
      >
        Copyright Â© 
        2021
        <a
          href="https://github.com/stscoundrel"
          rel="noopener noreferrer"
          target="_blank"
        >
          Sampo Silvennoinen / StScoundrel
        </a>
      </small>
    </div>
  </footer>,
]
`;
