// Jest Snapshot v1, https://goo.gl/fbAQLP

exports[`RunicKey component Matches snapshot 1`] = `
<button
  aria-label="Runic key ᚠ, meaning letter f"
  className="key"
  onClick={[Function]}
>
  ᚠ
</button>
`;
