// Jest Snapshot v1, https://goo.gl/fbAQLP

exports[`RunicKey component Matches snapshot 1`] = `
<button
  onClick={[Function]}
>
  áš 
</button>
`;
